C:\Users\Sergio\Documents\GitHub\PL2-Ubicua\ServerUbicua-master\src\main\java\Database\ConectionDDBB.java
C:\Users\Sergio\Documents\GitHub\PL2-Ubicua\ServerUbicua-master\src\main\java\Database\Topics.java
C:\Users\Sergio\Documents\GitHub\PL2-Ubicua\ServerUbicua-master\src\main\java\Logic\Log.java
C:\Users\Sergio\Documents\GitHub\PL2-Ubicua\ServerUbicua-master\src\main\java\Logic\Logic.java
C:\Users\Sergio\Documents\GitHub\PL2-Ubicua\ServerUbicua-master\src\main\java\Logic\Measurement.java
C:\Users\Sergio\Documents\GitHub\PL2-Ubicua\ServerUbicua-master\src\main\java\Logic\Projectinitializer.java
C:\Users\Sergio\Documents\GitHub\PL2-Ubicua\ServerUbicua-master\src\main\java\Logic\SensorService.java
C:\Users\Sergio\Documents\GitHub\PL2-Ubicua\ServerUbicua-master\src\main\java\Mqtt\MQTTBroker.java
C:\Users\Sergio\Documents\GitHub\PL2-Ubicua\ServerUbicua-master\src\main\java\Mqtt\MQTTPublisher.java
C:\Users\Sergio\Documents\GitHub\PL2-Ubicua\ServerUbicua-master\src\main\java\Mqtt\MQTTSuscriber.java
C:\Users\Sergio\Documents\GitHub\PL2-Ubicua\ServerUbicua-master\src\main\java\Servlets\AppStartupListener.java
C:\Users\Sergio\Documents\GitHub\PL2-Ubicua\ServerUbicua-master\src\main\java\Servlets\GetData.java
C:\Users\Sergio\Documents\GitHub\PL2-Ubicua\ServerUbicua-master\src\main\java\Servlets\MedicionesApiServlet.java
C:\Users\Sergio\Documents\GitHub\PL2-Ubicua\ServerUbicua-master\src\main\java\Servlets\MedicionesHtmlServlet.java
C:\Users\Sergio\Documents\GitHub\PL2-Ubicua\ServerUbicua-master\src\main\java\Servlets\SetData.java
